mode: set
gitea-cicd.apps.aws2-dev.ocp.14west.io/cicd/trackmate-message-consumer/pkg/validator/validate.go:13.59,17.27 4 1
gitea-cicd.apps.aws2-dev.ocp.14west.io/cicd/trackmate-message-consumer/pkg/validator/validate.go:25.2,25.12 1 1
gitea-cicd.apps.aws2-dev.ocp.14west.io/cicd/trackmate-message-consumer/pkg/validator/validate.go:17.27,18.15 1 1
gitea-cicd.apps.aws2-dev.ocp.14west.io/cicd/trackmate-message-consumer/pkg/validator/validate.go:23.3,23.69 1 1
gitea-cicd.apps.aws2-dev.ocp.14west.io/cicd/trackmate-message-consumer/pkg/validator/validate.go:18.15,21.4 2 1
gitea-cicd.apps.aws2-dev.ocp.14west.io/cicd/trackmate-message-consumer/pkg/validator/validate.go:30.50,44.23 2 1
gitea-cicd.apps.aws2-dev.ocp.14west.io/cicd/trackmate-message-consumer/pkg/validator/validate.go:49.2,49.12 1 1
gitea-cicd.apps.aws2-dev.ocp.14west.io/cicd/trackmate-message-consumer/pkg/validator/validate.go:44.23,45.54 1 1
gitea-cicd.apps.aws2-dev.ocp.14west.io/cicd/trackmate-message-consumer/pkg/validator/validate.go:45.54,47.4 1 1
gitea-cicd.apps.aws2-dev.ocp.14west.io/cicd/trackmate-message-consumer/pkg/handlers/consumer-mock.go:50.69,51.19 1 1
gitea-cicd.apps.aws2-dev.ocp.14west.io/cicd/trackmate-message-consumer/pkg/handlers/consumer-mock.go:55.2,60.10 2 1
gitea-cicd.apps.aws2-dev.ocp.14west.io/cicd/trackmate-message-consumer/pkg/handlers/consumer-mock.go:51.19,53.3 1 1
gitea-cicd.apps.aws2-dev.ocp.14west.io/cicd/trackmate-message-consumer/pkg/handlers/consumer-mock.go:66.116,70.89 3 1
gitea-cicd.apps.aws2-dev.ocp.14west.io/cicd/trackmate-message-consumer/pkg/handlers/consumer-mock.go:75.2,76.17 2 1
gitea-cicd.apps.aws2-dev.ocp.14west.io/cicd/trackmate-message-consumer/pkg/handlers/consumer-mock.go:80.2,80.51 1 1
gitea-cicd.apps.aws2-dev.ocp.14west.io/cicd/trackmate-message-consumer/pkg/handlers/consumer-mock.go:84.2,85.16 2 1
gitea-cicd.apps.aws2-dev.ocp.14west.io/cicd/trackmate-message-consumer/pkg/handlers/consumer-mock.go:70.89,73.3 2 1
gitea-cicd.apps.aws2-dev.ocp.14west.io/cicd/trackmate-message-consumer/pkg/handlers/consumer-mock.go:76.17,78.3 1 0
gitea-cicd.apps.aws2-dev.ocp.14west.io/cicd/trackmate-message-consumer/pkg/handlers/consumer-mock.go:80.51,82.3 1 0
gitea-cicd.apps.aws2-dev.ocp.14west.io/cicd/trackmate-message-consumer/pkg/handlers/consumer-mock.go:89.47,93.23 3 1
gitea-cicd.apps.aws2-dev.ocp.14west.io/cicd/trackmate-message-consumer/pkg/handlers/consumer-mock.go:98.2,99.32 2 1
gitea-cicd.apps.aws2-dev.ocp.14west.io/cicd/trackmate-message-consumer/pkg/handlers/consumer-mock.go:102.2,102.20 1 1
gitea-cicd.apps.aws2-dev.ocp.14west.io/cicd/trackmate-message-consumer/pkg/handlers/consumer-mock.go:93.23,96.3 2 0
gitea-cicd.apps.aws2-dev.ocp.14west.io/cicd/trackmate-message-consumer/pkg/handlers/consumer-mock.go:99.32,101.3 1 1
gitea-cicd.apps.aws2-dev.ocp.14west.io/cicd/trackmate-message-consumer/pkg/handlers/consumer-mock.go:106.62,110.23 3 1
gitea-cicd.apps.aws2-dev.ocp.14west.io/cicd/trackmate-message-consumer/pkg/handlers/consumer-mock.go:114.2,114.30 1 1
gitea-cicd.apps.aws2-dev.ocp.14west.io/cicd/trackmate-message-consumer/pkg/handlers/consumer-mock.go:118.2,118.31 1 1
gitea-cicd.apps.aws2-dev.ocp.14west.io/cicd/trackmate-message-consumer/pkg/handlers/consumer-mock.go:110.23,113.3 2 0
gitea-cicd.apps.aws2-dev.ocp.14west.io/cicd/trackmate-message-consumer/pkg/handlers/consumer-mock.go:114.30,116.3 1 0
gitea-cicd.apps.aws2-dev.ocp.14west.io/cicd/trackmate-message-consumer/pkg/handlers/consumer-mock.go:121.64,124.2 2 0
gitea-cicd.apps.aws2-dev.ocp.14west.io/cicd/trackmate-message-consumer/pkg/handlers/consumer-mock.go:128.34,132.50 3 1
gitea-cicd.apps.aws2-dev.ocp.14west.io/cicd/trackmate-message-consumer/pkg/handlers/consumer-mock.go:138.2,138.12 1 1
gitea-cicd.apps.aws2-dev.ocp.14west.io/cicd/trackmate-message-consumer/pkg/handlers/consumer-mock.go:132.50,133.48 1 1
gitea-cicd.apps.aws2-dev.ocp.14west.io/cicd/trackmate-message-consumer/pkg/handlers/consumer-mock.go:133.48,135.4 1 1
gitea-cicd.apps.aws2-dev.ocp.14west.io/cicd/trackmate-message-consumer/pkg/handlers/consumer-mock.go:143.66,148.2 3 1
gitea-cicd.apps.aws2-dev.ocp.14west.io/cicd/trackmate-message-consumer/pkg/handlers/consumer-mock.go:156.107,160.40 3 1
gitea-cicd.apps.aws2-dev.ocp.14west.io/cicd/trackmate-message-consumer/pkg/handlers/consumer-mock.go:164.2,164.51 1 1
gitea-cicd.apps.aws2-dev.ocp.14west.io/cicd/trackmate-message-consumer/pkg/handlers/consumer-mock.go:175.2,175.47 1 1
gitea-cicd.apps.aws2-dev.ocp.14west.io/cicd/trackmate-message-consumer/pkg/handlers/consumer-mock.go:160.40,162.3 1 1
gitea-cicd.apps.aws2-dev.ocp.14west.io/cicd/trackmate-message-consumer/pkg/handlers/consumer-mock.go:164.51,173.3 1 1
gitea-cicd.apps.aws2-dev.ocp.14west.io/cicd/trackmate-message-consumer/pkg/handlers/consumer-mock.go:199.43,200.27 1 1
gitea-cicd.apps.aws2-dev.ocp.14west.io/cicd/trackmate-message-consumer/pkg/handlers/consumer-mock.go:200.27,203.3 2 1
gitea-cicd.apps.aws2-dev.ocp.14west.io/cicd/trackmate-message-consumer/pkg/handlers/consumer-mock.go:208.44,209.18 1 1
gitea-cicd.apps.aws2-dev.ocp.14west.io/cicd/trackmate-message-consumer/pkg/handlers/consumer-mock.go:214.2,214.52 1 1
gitea-cicd.apps.aws2-dev.ocp.14west.io/cicd/trackmate-message-consumer/pkg/handlers/consumer-mock.go:218.2,218.56 1 1
gitea-cicd.apps.aws2-dev.ocp.14west.io/cicd/trackmate-message-consumer/pkg/handlers/consumer-mock.go:222.2,230.12 4 1
gitea-cicd.apps.aws2-dev.ocp.14west.io/cicd/trackmate-message-consumer/pkg/handlers/consumer-mock.go:243.2,244.12 2 1
gitea-cicd.apps.aws2-dev.ocp.14west.io/cicd/trackmate-message-consumer/pkg/handlers/consumer-mock.go:251.2,252.17 2 1
gitea-cicd.apps.aws2-dev.ocp.14west.io/cicd/trackmate-message-consumer/pkg/handlers/consumer-mock.go:209.18,212.3 2 0
gitea-cicd.apps.aws2-dev.ocp.14west.io/cicd/trackmate-message-consumer/pkg/handlers/consumer-mock.go:214.52,216.3 1 0
gitea-cicd.apps.aws2-dev.ocp.14west.io/cicd/trackmate-message-consumer/pkg/handlers/consumer-mock.go:218.56,220.3 1 0
gitea-cicd.apps.aws2-dev.ocp.14west.io/cicd/trackmate-message-consumer/pkg/handlers/consumer-mock.go:230.12,234.30 3 1
gitea-cicd.apps.aws2-dev.ocp.14west.io/cicd/trackmate-message-consumer/pkg/handlers/consumer-mock.go:238.3,238.20 1 1
gitea-cicd.apps.aws2-dev.ocp.14west.io/cicd/trackmate-message-consumer/pkg/handlers/consumer-mock.go:234.30,236.4 1 0
gitea-cicd.apps.aws2-dev.ocp.14west.io/cicd/trackmate-message-consumer/pkg/handlers/consumer-mock.go:238.20,240.4 1 0
gitea-cicd.apps.aws2-dev.ocp.14west.io/cicd/trackmate-message-consumer/pkg/handlers/consumer-mock.go:244.12,246.25 2 1
gitea-cicd.apps.aws2-dev.ocp.14west.io/cicd/trackmate-message-consumer/pkg/handlers/consumer-mock.go:246.26,248.4 0 1
gitea-cicd.apps.aws2-dev.ocp.14west.io/cicd/trackmate-message-consumer/pkg/handlers/consumer-mock.go:256.68,258.2 1 1
gitea-cicd.apps.aws2-dev.ocp.14west.io/cicd/trackmate-message-consumer/pkg/handlers/consumer-mock.go:261.72,263.2 1 1
gitea-cicd.apps.aws2-dev.ocp.14west.io/cicd/trackmate-message-consumer/pkg/handlers/consumer-mock.go:265.58,267.2 1 0
gitea-cicd.apps.aws2-dev.ocp.14west.io/cicd/trackmate-message-consumer/pkg/handlers/consumer-mock.go:274.72,283.2 6 1
gitea-cicd.apps.aws2-dev.ocp.14west.io/cicd/trackmate-message-consumer/pkg/handlers/consumer-mock.go:290.52,296.2 1 1
gitea-cicd.apps.aws2-dev.ocp.14west.io/cicd/trackmate-message-consumer/pkg/handlers/consumer-mock.go:301.61,303.2 1 0
gitea-cicd.apps.aws2-dev.ocp.14west.io/cicd/trackmate-message-consumer/pkg/handlers/consumer-mock.go:308.59,310.2 1 0
gitea-cicd.apps.aws2-dev.ocp.14west.io/cicd/trackmate-message-consumer/pkg/handlers/consumer.go:17.36,21.15 2 1
gitea-cicd.apps.aws2-dev.ocp.14west.io/cicd/trackmate-message-consumer/pkg/handlers/consumer.go:27.2,39.12 7 1
gitea-cicd.apps.aws2-dev.ocp.14west.io/cicd/trackmate-message-consumer/pkg/handlers/consumer.go:60.2,61.59 2 1
gitea-cicd.apps.aws2-dev.ocp.14west.io/cicd/trackmate-message-consumer/pkg/handlers/consumer.go:21.15,22.36 1 1
gitea-cicd.apps.aws2-dev.ocp.14west.io/cicd/trackmate-message-consumer/pkg/handlers/consumer.go:22.36,23.14 1 0
gitea-cicd.apps.aws2-dev.ocp.14west.io/cicd/trackmate-message-consumer/pkg/handlers/consumer.go:39.12,40.7 1 1
gitea-cicd.apps.aws2-dev.ocp.14west.io/cicd/trackmate-message-consumer/pkg/handlers/consumer.go:40.7,41.11 1 1
gitea-cicd.apps.aws2-dev.ocp.14west.io/cicd/trackmate-message-consumer/pkg/handlers/consumer.go:42.27,45.55 3 1
gitea-cicd.apps.aws2-dev.ocp.14west.io/cicd/trackmate-message-consumer/pkg/handlers/consumer.go:49.35,52.25 3 1
gitea-cicd.apps.aws2-dev.ocp.14west.io/cicd/trackmate-message-consumer/pkg/handlers/consumer.go:53.19,55.25 2 0
gitea-cicd.apps.aws2-dev.ocp.14west.io/cicd/trackmate-message-consumer/pkg/handlers/consumer.go:45.55,48.6 2 0
gitea-cicd.apps.aws2-dev.ocp.14west.io/cicd/trackmate-message-consumer/pkg/handlers/consumer.go:65.139,70.31 4 1
gitea-cicd.apps.aws2-dev.ocp.14west.io/cicd/trackmate-message-consumer/pkg/handlers/consumer.go:107.2,107.26 1 1
gitea-cicd.apps.aws2-dev.ocp.14west.io/cicd/trackmate-message-consumer/pkg/handlers/consumer.go:70.31,72.52 2 1
gitea-cicd.apps.aws2-dev.ocp.14west.io/cicd/trackmate-message-consumer/pkg/handlers/consumer.go:76.3,76.34 1 1
gitea-cicd.apps.aws2-dev.ocp.14west.io/cicd/trackmate-message-consumer/pkg/handlers/consumer.go:72.52,73.12 1 0
gitea-cicd.apps.aws2-dev.ocp.14west.io/cicd/trackmate-message-consumer/pkg/handlers/consumer.go:76.34,78.33 2 1
gitea-cicd.apps.aws2-dev.ocp.14west.io/cicd/trackmate-message-consumer/pkg/handlers/consumer.go:78.33,81.19 2 1
gitea-cicd.apps.aws2-dev.ocp.14west.io/cicd/trackmate-message-consumer/pkg/handlers/consumer.go:85.5,86.62 2 1
gitea-cicd.apps.aws2-dev.ocp.14west.io/cicd/trackmate-message-consumer/pkg/handlers/consumer.go:81.19,83.11 2 1
gitea-cicd.apps.aws2-dev.ocp.14west.io/cicd/trackmate-message-consumer/pkg/handlers/consumer.go:86.62,87.10 1 1
gitea-cicd.apps.aws2-dev.ocp.14west.io/cicd/trackmate-message-consumer/pkg/handlers/consumer.go:87.10,88.14 1 1
gitea-cicd.apps.aws2-dev.ocp.14west.io/cicd/trackmate-message-consumer/pkg/handlers/consumer.go:89.49,91.68 2 1
gitea-cicd.apps.aws2-dev.ocp.14west.io/cicd/trackmate-message-consumer/pkg/handlers/consumer.go:93.41,98.22 4 1
gitea-cicd.apps.aws2-dev.ocp.14west.io/cicd/trackmate-message-consumer/pkg/handlers/consumer.go:98.22,100.9 1 1
gitea-cicd.apps.aws2-dev.ocp.14west.io/cicd/trackmate-message-consumer/pkg/handlers/consumer.go:111.75,116.16 2 1
gitea-cicd.apps.aws2-dev.ocp.14west.io/cicd/trackmate-message-consumer/pkg/handlers/consumer.go:116.16,122.18 4 1
gitea-cicd.apps.aws2-dev.ocp.14west.io/cicd/trackmate-message-consumer/pkg/handlers/consumer.go:126.3,127.17 2 1
gitea-cicd.apps.aws2-dev.ocp.14west.io/cicd/trackmate-message-consumer/pkg/handlers/consumer.go:133.3,134.13 2 1
gitea-cicd.apps.aws2-dev.ocp.14west.io/cicd/trackmate-message-consumer/pkg/handlers/consumer.go:122.18,125.4 2 1
gitea-cicd.apps.aws2-dev.ocp.14west.io/cicd/trackmate-message-consumer/pkg/handlers/consumer.go:127.17,130.4 2 0
gitea-cicd.apps.aws2-dev.ocp.14west.io/cicd/trackmate-message-consumer/pkg/handlers/consumer.go:136.8,139.3 2 1
